bbb
ddd
k = bbb, v = 123
k = aaa, v = value1
k = bbb, v = 123
k = aaa, v = AFTER
