1
2
3
4
5
6
7
8
9
10
11
12
13
14
15
16
255
256
4096
61680
61680
-1
0
