a = 1
b = 2
a & b = 0
a | b = 3
a ^ b = 3
a << b = 4
a >> b = 0
c = 16
c >>= 2 : 4
c >>= 3 : 32
