ABC123あいう
s.length = 15
s.substring(0, 0) = 
s.substring(0, 1) = A
s.substring(0, 2) = AB
s.substring(0, 3) = ABC
s.substring(0, 4) = ABC1
s.substring(0, 5) = ABC12
s.substring(0, 6) = ABC123
s.substring(0, 7) = ABC123あ
s.substring(0, 8) = ABC123あい
s.substring(0, 9) = ABC123あいう
s.substring(0, 10) = ABC123あいう
s.substring(0, -1) = ABC123あいう
s.substring(1, 0) = 
s.substring(1, 1) = B
s.substring(1, 2) = BC
s.substring(1, 3) = BC1
s.substring(1, 4) = BC12
s.substring(1, 5) = BC123
s.substring(1, 6) = BC123あ
s.substring(1, 7) = BC123あい
s.substring(1, 8) = BC123あいう
s.substring(1, 9) = BC123あいう
s.substring(1, 10) = BC123あいう
s.substring(1, -1) = 
s.substring(8, 0) = 
s.substring(8, 1) = う
s.substring(9, 0) = 
s.substring(9, 1) = 
