bullets.length = 2
{vy: -400, y: 100, x: 100}
{vy: -400, y: 200, x: 100}
