var023=22
var008=7
var010=9
var029=28
var003=2
var019=18
var020=19
var027=26
var004=3
var014=13
var030=29
var024=23
var009=8
var013=12
var033=32
var018=17
var021=20
var005=4
var017=16
var025=24
var006=5
var012=11
var032=31
var001=0
var022=21
var011=10
var028=27
var002=1
var016=15
var026=25
var007=6
var015=14
var031=30
